 2026-08-07 14:45:25 INFO  TC001_AccountRegistrationTest:32 - clicking on register
2026-08-07 14:45:31 INFO  TC001_AccountRegistrationTest:37 - providing information
2026-08-07 14:45:37 INFO  TC001_AccountRegistrationTest:58 -  finished TC001_AccountRegistrationTest
2026-08-07 14:45:37 INFO  Utils:112 - [TestNG] Time taken by org.testng.reporters.jq.Main@878537d: 53 ms
2026-08-07 14:45:37 INFO  Utils:112 - [TestNG] Time taken by org.testng.reporters.FailedReporter@4d0b0fd4: 1 ms
2026-08-07 14:45:37 INFO  Utils:112 - [TestNG] Time taken by org.testng.reporters.XMLReporter@58cec85b: 6 ms
2026-08-07 14:45:37 INFO  Utils:112 - [TestNG] Time taken by org.testng.reporters.EmailableReporter2@4d23015c: 5 ms
2026-08-07 14:45:37 INFO  Utils:112 - [TestNG] Time taken by org.testng.reporters.JUnitReportReporter@773c0293: 7 ms
2026-08-07 14:45:37 INFO  Utils:112 - [TestNG] Time taken by org.testng.internal.ExitCodeListener@55b8dbda: 0 ms
2026-08-07 14:48:21 INFO  Utils:112 - [Utils] MethodGroupsHelper.collectMethodsByGroup() took 1 ms.
2026-08-07 14:48:21 INFO  Utils:112 - [Utils] MethodGroupsHelper.sortMethods() took 1 ms.
2026-08-07 14:48:21 INFO  Utils:112 - [Utils] MethodGroupsHelper.collectMethodsByGroup() took 0 ms.
2026-08-07 14:48:21 INFO  Utils:112 - [Utils] MethodGroupsHelper.sortMethods() took 0 ms.
2026-08-07 14:48:21 INFO  Utils:112 - [Utils] MethodGroupsHelper.collectMethodsByGroup() took 0 ms.
2026-08-07 14:48:21 INFO  Utils:112 - [Utils] MethodGroupsHelper.sortMethods() took 0 ms.
2026-08-07 14:48:21 INFO  Utils:112 - [Utils] MethodGroupsHelper.collectMethodsByGroup() took 0 ms.
2026-08-07 14:48:21 INFO  Utils:112 - [Utils] MethodGroupsHelper.sortMethods() took 0 ms.
2026-08-07 14:48:21 INFO  Utils:112 - [Utils] MethodGroupsHelper.collectMethodsByGroup() took 4 ms.
2026-08-07 14:48:21 INFO  Utils:112 - [Utils] MethodGroupsHelper.sortMethods() took 7 ms.
2026-08-07 14:48:21 INFO  Utils:112 - [Utils] MethodGroupsHelper.collectMethodsByGroup() took 0 ms.
2026-08-07 14:48:21 INFO  Utils:112 - [Utils] MethodGroupsHelper.sortMethods() took 0 ms.
2026-08-07 14:48:21 INFO  Utils:112 - [Utils] MethodGroupsHelper.collectMethodsByGroup() took 0 ms.
2026-08-07 14:48:21 INFO  Utils:112 - [Utils] MethodGroupsHelper.sortMethods() took 0 ms.
2026-08-07 14:48:21 INFO  Utils:112 - [Utils] MethodGroupsHelper.collectMethodsByGroup() took 0 ms.
2026-08-07 14:48:21 INFO  Utils:112 - [Utils] MethodGroupsHelper.sortMethods() took 0 ms.
2026-08-07 14:48:21 INFO  Utils:112 - [Utils] MethodGroupsHelper.collectMethodsByGroup() took 0 ms.
2026-08-07 14:48:21 INFO  Utils:112 - [Utils] MethodGroupsHelper.sortMethods() took 0 ms.
2026-08-07 14:48:21 INFO  Utils:112 - [Utils] MethodGroupsHelper.collectMethodsByGroup() took 0 ms.
2026-08-07 14:48:21 INFO  Utils:112 - [Utils] MethodGroupsHelper.sortMethods() took 0 ms.
2026-08-07 14:48:21 INFO  Utils:112 - [Utils] MethodGroupsHelper.collectMethodsByGroup() took 0 ms.
2026-08-07 14:48:21 INFO  Utils:112 - [Utils] MethodGroupsHelper.sortMethods() took 0 ms.
2026-08-07 14:48:21 INFO  Utils:112 - [Utils] MethodGroupsHelper.collectMethodsByGroup() took 0 ms.
2026-08-07 14:48:21 INFO  Utils:112 - [Utils] MethodGroupsHelper.sortMethods() took 0 ms.
2026-08-07 14:48:21 INFO  Utils:112 - [Utils] MethodGroupsHelper.collectMethodsByGroup() took 1 ms.
2026-08-07 14:48:21 INFO  Utils:112 - [Utils] MethodGroupsHelper.sortMethods() took 0 ms.
2026-08-07 14:48:21 INFO  Utils:112 - [Utils] MethodGroupsHelper.collectMethodsByGroup() took 0 ms.
2026-08-07 14:48:21 INFO  Utils:112 - [Utils] MethodGroupsHelper.sortMethods() took 0 ms.
2026-08-07 14:48:21 INFO  Utils:112 - [Utils] MethodGroupsHelper.collectMethodsByGroup() took 0 ms.
2026-08-07 14:48:21 INFO  Utils:112 - [Utils] MethodGroupsHelper.sortMethods() took 0 ms.
2026-08-07 14:48:21 INFO  Utils:112 - [TestNG] Running:
  C:\Users\savvy\AppData\Local\Temp\testng-eclipse-85020332\testng-customsuite.xml

2026-08-07 14:48:21 INFO  Utils:112 - [Utils] DynamicGraphHelper.createDynamicGraph() took 4 ms.
2026-08-07 14:48:25 INFO  TC001_AccountRegistrationTest:23 - Starting TC001_AccountRegistrationTest
2026-08-07 14:48:25 INFO  TC001_AccountRegistrationTest:28 - clicking on home page
2026-08-07 14:48:25 INFO  TC001_AccountRegistrationTest:32 - clicking on register
2026-08-07 14:48:31 INFO  TC001_AccountRegistrationTest:37 - providing information
2026-08-07 14:48:34 INFO  Utils:112 - [TestNG] Time taken by org.testng.reporters.jq.Main@7bde1f3a: 50 ms
2026-08-07 14:48:34 INFO  Utils:112 - [TestNG] Time taken by org.testng.reporters.FailedReporter@22d1886d: 10 ms
2026-08-07 14:48:34 INFO  Utils:112 - [TestNG] Time taken by org.testng.reporters.XMLReporter@8c46918: 7 ms
2026-08-07 14:48:34 INFO  Utils:112 - [TestNG] Time taken by org.testng.reporters.EmailableReporter2@4a7761b1: 5 ms
2026-08-07 14:48:34 INFO  Utils:112 - [TestNG] Time taken by org.testng.reporters.JUnitReportReporter@293cde83: 8 ms
2026-08-07 14:48:34 INFO  Utils:112 - [TestNG] Time taken by org.testng.internal.ExitCodeListener@c27d163: 0 ms
2026-08-07 14:50:10 DEBUG TestNG:82 - suiteXmlPath: "C:\Users\savvy\AppData\Local\Temp\testng-eclipse-615374526\testng-customsuite.xml"
2026-08-07 14:50:10 INFO  Utils:112 - [Utils] MethodGroupsHelper.collectMethodsByGroup() took 0 ms.
2026-08-07 14:50:10 INFO  Utils:112 - [Utils] MethodGroupsHelper.sortMethods() took 2 ms.
2026-08-07 14:50:10 INFO  Utils:112 - [Utils] MethodGroupsHelper.collectMethodsByGroup() took 0 ms.
2026-08-07 14:50:10 INFO  Utils:112 - [Utils] MethodGroupsHelper.sortMethods() took 0 ms.
2026-08-07 14:50:10 INFO  Utils:112 - [Utils] MethodGroupsHelper.collectMethodsByGroup() took 0 ms.
2026-08-07 14:50:10 INFO  Utils:112 - [Utils] MethodGroupsHelper.sortMethods() took 0 ms.
2026-08-07 14:50:10 INFO  Utils:112 - [Utils] MethodGroupsHelper.collectMethodsByGroup() took 0 ms.
2026-08-07 14:50:10 INFO  Utils:112 - [Utils] MethodGroupsHelper.sortMethods() took 0 ms.
2026-08-07 14:50:10 INFO  Utils:112 - [Utils] MethodGroupsHelper.collectMethodsByGroup() took 5 ms.
2026-08-07 14:50:10 INFO  Utils:112 - [Utils] MethodGroupsHelper.sortMethods() took 9 ms.
2026-08-07 14:50:10 INFO  Utils:112 - [Utils] MethodGroupsHelper.collectMethodsByGroup() took 0 ms.
2026-08-07 14:50:10 INFO  Utils:112 - [Utils] MethodGroupsHelper.sortMethods() took 0 ms.
2026-08-07 14:50:10 INFO  Utils:112 - [Utils] MethodGroupsHelper.collectMethodsByGroup() took 0 ms.
2026-08-07 14:50:10 INFO  Utils:112 - [Utils] MethodGroupsHelper.sortMethods() took 0 ms.
2026-08-07 14:50:10 INFO  Utils:112 - [Utils] MethodGroupsHelper.collectMethodsByGroup() took 0 ms.
2026-08-07 14:50:10 INFO  Utils:112 - [Utils] MethodGroupsHelper.sortMethods() took 0 ms.
2026-08-07 14:50:10 INFO  Utils:112 - [Utils] MethodGroupsHelper.collectMethodsByGroup() took 0 ms.
2026-08-07 14:50:10 INFO  Utils:112 - [Utils] MethodGroupsHelper.sortMethods() took 0 ms.
2026-08-07 14:50:10 INFO  Utils:112 - [Utils] MethodGroupsHelper.collectMethodsByGroup() took 0 ms.
2026-08-07 14:50:10 INFO  Utils:112 - [Utils] MethodGroupsHelper.sortMethods() took 0 ms.
2026-08-07 14:50:10 INFO  Utils:112 - [Utils] MethodGroupsHelper.collectMethodsByGroup() took 0 ms.
2026-08-07 14:50:10 INFO  Utils:112 - [Utils] MethodGroupsHelper.sortMethods() took 0 ms.
2026-08-07 14:50:10 INFO  Utils:112 - [Utils] MethodGroupsHelper.collectMethodsByGroup() took 0 ms.
2026-08-07 14:50:10 INFO  Utils:112 - [Utils] MethodGroupsHelper.sortMethods() took 0 ms.
2026-08-07 14:50:10 INFO  Utils:112 - [Utils] MethodGroupsHelper.collectMethodsByGroup() took 1 ms.
2026-08-07 14:50:10 INFO  Utils:112 - [Utils] MethodGroupsHelper.sortMethods() took 0 ms.
2026-08-07 14:50:10 INFO  Utils:112 - [Utils] MethodGroupsHelper.collectMethodsByGroup() took 0 ms.
2026-08-07 14:50:10 INFO  Utils:112 - [Utils] MethodGroupsHelper.sortMethods() took 0 ms.
2026-08-07 14:50:10 INFO  Utils:112 - [Utils] MethodGroupsHelper.collectMethodsByGroup() took 0 ms.
2026-08-07 14:50:10 INFO  Utils:112 - [Utils] MethodGroupsHelper.sortMethods() took 0 ms.
2026-08-07 14:50:10 INFO  Utils:112 - [TestNG] Running:
  C:\Users\savvy\AppData\Local\Temp\testng-eclipse-615374526\testng-customsuite.xml

2026-08-07 14:50:10 INFO  Utils:112 - [Utils] DynamicGraphHelper.createDynamicGraph() took 4 ms.
2026-08-07 14:50:14 INFO  TC001_AccountRegistrationTest:23 - Starting TC001_AccountRegistrationTest
2026-08-07 14:50:14 INFO  TC001_AccountRegistrationTest:28 - clicking on home page
2026-08-07 14:50:14 INFO  TC001_AccountRegistrationTest:32 - clicking on register
2026-08-07 14:50:20 INFO  TC001_AccountRegistrationTest:37 - providing information
2026-08-07 14:50:23 INFO  Utils:112 - [TestNG] Time taken by org.testng.reporters.jq.Main@7bde1f3a: 63 ms
2026-08-07 14:50:23 INFO  Utils:112 - [TestNG] Time taken by org.testng.reporters.FailedReporter@22d1886d: 10 ms
2026-08-07 14:50:23 INFO  Utils:112 - [TestNG] Time taken by org.testng.reporters.XMLReporter@8c46918: 8 ms
2026-08-07 14:50:23 INFO  Utils:112 - [TestNG] Time taken by org.testng.reporters.EmailableReporter2@4a7761b1: 7 ms
2026-08-07 14:50:23 INFO  Utils:112 - [TestNG] Time taken by org.testng.reporters.JUnitReportReporter@293cde83: 7 ms
2026-08-07 14:50:23 INFO  Utils:112 - [TestNG] Time taken by org.testng.internal.ExitCodeListener@c27d163: 0 ms
2026-08-07 15:32:16 DEBUG TestNG:82 - suiteXmlPath: "C:\Users\savvy\AppData\Local\Temp\testng-eclipse-1895633855\testng-customsuite.xml"
2026-08-07 15:32:16 INFO  Utils:112 - [Utils] MethodGroupsHelper.collectMethodsByGroup() took 0 ms.
2026-08-07 15:32:16 INFO  Utils:112 - [Utils] MethodGroupsHelper.sortMethods() took 4 ms.
2026-08-07 15:32:16 INFO  Utils:112 - [Utils] MethodGroupsHelper.collectMethodsByGroup() took 0 ms.
2026-08-07 15:32:16 INFO  Utils:112 - [Utils] MethodGroupsHelper.sortMethods() took 0 ms.
2026-08-07 15:32:16 INFO  Utils:112 - [Utils] MethodGroupsHelper.collectMethodsByGroup() took 0 ms.
2026-08-07 15:32:16 INFO  Utils:112 - [Utils] MethodGroupsHelper.sortMethods() took 0 ms.
2026-08-07 15:32:16 INFO  Utils:112 - [Utils] MethodGroupsHelper.collectMethodsByGroup() took 0 ms.
2026-08-07 15:32:16 INFO  Utils:112 - [Utils] MethodGroupsHelper.sortMethods() took 0 ms.
2026-08-07 15:32:16 INFO  Utils:112 - [Utils] MethodGroupsHelper.collectMethodsByGroup() took 4 ms.
2026-08-07 15:32:16 INFO  Utils:112 - [Utils] MethodGroupsHelper.sortMethods() took 8 ms.
2026-08-07 15:32:16 INFO  Utils:112 - [Utils] MethodGroupsHelper.collectMethodsByGroup() took 1 ms.
2026-08-07 15:32:16 INFO  Utils:112 - [Utils] MethodGroupsHelper.sortMethods() took 0 ms.
2026-08-07 15:32:16 INFO  Utils:112 - [Utils] MethodGroupsHelper.collectMethodsByGroup() took 0 ms.
2026-08-07 15:32:16 INFO  Utils:112 - [Utils] MethodGroupsHelper.sortMethods() took 0 ms.
2026-08-07 15:32:16 INFO  Utils:112 - [Utils] MethodGroupsHelper.collectMethodsByGroup() took 0 ms.
2026-08-07 15:32:16 INFO  Utils:112 - [Utils] MethodGroupsHelper.sortMethods() took 0 ms.
2026-08-07 15:32:16 INFO  Utils:112 - [Utils] MethodGroupsHelper.collectMethodsByGroup() took 0 ms.
2026-08-07 15:32:16 INFO  Utils:112 - [Utils] MethodGroupsHelper.sortMethods() took 0 ms.
2026-08-07 15:32:16 INFO  Utils:112 - [Utils] MethodGroupsHelper.collectMethodsByGroup() took 0 ms.
2026-08-07 15:32:16 INFO  Utils:112 - [Utils] MethodGroupsHelper.sortMethods() took 0 ms.
2026-08-07 15:32:16 INFO  Utils:112 - [Utils] MethodGroupsHelper.collectMethodsByGroup() took 0 ms.
2026-08-07 15:32:16 INFO  Utils:112 - [Utils] MethodGroupsHelper.sortMethods() took 0 ms.
2026-08-07 15:32:16 INFO  Utils:112 - [Utils] MethodGroupsHelper.collectMethodsByGroup() took 0 ms.
2026-08-07 15:32:16 INFO  Utils:112 - [Utils] MethodGroupsHelper.sortMethods() took 0 ms.
2026-08-07 15:32:16 INFO  Utils:112 - [Utils] MethodGroupsHelper.collectMethodsByGroup() took 0 ms.
2026-08-07 15:32:16 INFO  Utils:112 - [Utils] MethodGroupsHelper.sortMethods() took 0 ms.
2026-08-07 15:32:16 INFO  Utils:112 - [Utils] MethodGroupsHelper.collectMethodsByGroup() took 0 ms.
2026-08-07 15:32:16 INFO  Utils:112 - [Utils] MethodGroupsHelper.sortMethods() took 0 ms.
2026-08-07 15:32:16 INFO  Utils:112 - [Utils] MethodGroupsHelper.collectMethodsByGroup() took 0 ms.
2026-08-07 15:32:16 INFO  Utils:112 - [Utils] MethodGroupsHelper.sortMethods() took 0 ms.
2026-08-07 15:32:16 INFO  Utils:112 - [TestNG] Running:
  C:\Users\savvy\AppData\Local\Temp\testng-eclipse-1895633855\testng-customsuite.xml

2026-08-07 15:32:16 INFO  Utils:112 - [Utils] DynamicGraphHelper.createDynamicGraph() took 4 ms.
2026-08-07 15:32:16 INFO  Utils:112 - [TestNG] Time taken by org.testng.reporters.jq.Main@2e9fda69: 83 ms
2026-08-07 15:32:16 INFO  Utils:112 - [TestNG] Time taken by org.testng.reporters.FailedReporter@47a86fbb: 11 ms
2026-08-07 15:32:16 INFO  Utils:112 - [TestNG] Time taken by org.testng.reporters.XMLReporter@3e14c16d: 7 ms
2026-08-07 15:32:16 INFO  Utils:112 - [TestNG] Time taken by org.testng.reporters.EmailableReporter2@463b4ac8: 17 ms
2026-08-07 15:32:16 INFO  Utils:112 - [TestNG] Time taken by org.testng.reporters.JUnitReportReporter@4409e975: 7 ms
2026-08-07 15:32:16 INFO  Utils:112 - [TestNG] Time taken by org.testng.internal.ExitCodeListener@5c153b9e: 0 ms
2026-08-07 15:35:48 DEBUG TestNG:82 - suiteXmlPath: "C:\Users\savvy\eclipse-workspace\seleniumwebdriver\Opencartv121\master.xml"
2026-08-07 15:35:49 INFO  Utils:112 - [TestNG] Running:
  C:\Users\savvy\eclipse-workspace\seleniumwebdriver\Opencartv121\master.xml

2026-08-07 15:35:55 INFO  TC001_AccountRegistrationTest:23 - Starting TC001_AccountRegistrationTest
2026-08-07 15:35:55 INFO  TC001_AccountRegistrationTest:28 - clicking on home page
2026-08-07 15:35:55 INFO  TC001_AccountRegistrationTest:32 - clicking on register
2026-08-07 15:36:01 INFO  TC001_AccountRegistrationTest:37 - providing information
2026-08-07 15:36:07 INFO  TC001_AccountRegistrationTest:58 -  finished TC001_AccountRegistrationTest
2026-08-07 15:53:23 DEBUG TestNG:82 - suiteXmlPath: "C:\Users\savvy\eclipse-workspace\seleniumwebdriver\Opencartv121\CrossBrowserTesting.xml"
2026-08-07 15:53:24 INFO  Utils:112 - [TestNG] Running:
  C:\Users\savvy\eclipse-workspace\seleniumwebdriver\Opencartv121\CrossBrowserTesting.xml

2026-08-07 15:53:28 INFO  TC001_AccountRegistrationTest:23 - Starting TC001_AccountRegistrationTest
2026-08-07 15:53:28 INFO  TC001_AccountRegistrationTest:28 - clicking on home page
2026-08-07 15:53:28 INFO  TC001_AccountRegistrationTest:32 - clicking on register
2026-08-07 15:53:33 INFO  TC001_AccountRegistrationTest:37 - providing information
2026-08-07 15:53:39 INFO  TC001_AccountRegistrationTest:58 -  finished TC001_AccountRegistrationTest
2026-08-07 15:53:46 INFO  TC001_AccountRegistrationTest:23 - Starting TC001_AccountRegistrationTest
2026-08-07 15:53:46 INFO  TC001_AccountRegistrationTest:28 - clicking on home page
2026-08-07 15:53:46 INFO  TC001_AccountRegistrationTest:32 - clicking on register
2026-08-07 15:53:52 INFO  TC001_AccountRegistrationTest:37 - providing information
2026-08-07 15:53:57 INFO  TC001_AccountRegistrationTest:58 -  finished TC001_AccountRegistrationTest
2026-08-07 15:54:27 INFO  TC001_AccountRegistrationTest:23 - Starting TC001_AccountRegistrationTest
2026-08-07 15:54:27 INFO  TC001_AccountRegistrationTest:28 - clicking on home page
2026-08-07 15:54:27 INFO  TC001_AccountRegistrationTest:32 - clicking on register
2026-08-07 15:54:33 INFO  TC001_AccountRegistrationTest:37 - providing information
2026-08-07 15:54:40 INFO  TC001_AccountRegistrationTest:58 -  finished TC001_AccountRegistrationTest
2026-08-07 15:56:39 DEBUG TestNG:82 - suiteXmlPath: "C:\Users\savvy\eclipse-workspace\seleniumwebdriver\Opencartv121\CrossBrowserTesting.xml"
2026-08-07 15:56:39 INFO  Utils:112 - [TestNG] Running:
  C:\Users\savvy\eclipse-workspace\seleniumwebdriver\Opencartv121\CrossBrowserTesting.xml

2026-08-07 15:56:45 INFO  TC001_AccountRegistrationTest:23 - Starting TC001_AccountRegistrationTest
2026-08-07 15:56:45 INFO  TC001_AccountRegistrationTest:28 - clicking on home page
2026-08-07 15:56:45 INFO  TC001_AccountRegistrationTest:32 - clicking on register
2026-08-07 15:56:47 INFO  TC001_AccountRegistrationTest:23 - Starting TC001_AccountRegistrationTest
2026-08-07 15:56:47 INFO  TC001_AccountRegistrationTest:28 - clicking on home page
2026-08-07 15:56:48 INFO  TC001_AccountRegistrationTest:32 - clicking on register
2026-08-07 15:56:49 INFO  TC001_AccountRegistrationTest:23 - Starting TC001_AccountRegistrationTest
2026-08-07 15:56:49 INFO  TC001_AccountRegistrationTest:28 - clicking on home page
2026-08-07 15:56:49 INFO  TC001_AccountRegistrationTest:32 - clicking on register
2026-08-07 15:56:51 INFO  TC001_AccountRegistrationTest:37 - providing information
2026-08-07 15:56:53 INFO  TC001_AccountRegistrationTest:37 - providing information
2026-08-07 15:56:54 INFO  TC001_AccountRegistrationTest:37 - providing information
2026-08-07 15:56:57 INFO  TC001_AccountRegistrationTest:58 -  finished TC001_AccountRegistrationTest
2026-08-07 15:56:58 INFO  TC001_AccountRegistrationTest:58 -  finished TC001_AccountRegistrationTest
2026-08-07 15:56:59 INFO  TC001_AccountRegistrationTest:58 -  finished TC001_AccountRegistrationTest
2026-08-13 15:35:22 DEBUG TestNG:82 - suiteXmlPath: "C:\Users\savvy\eclipse-workspace\seleniumwebdriver\Opencartv121\master.xml"
2026-08-13 15:35:22 INFO  Utils:112 - [TestNG] Running:
  C:\Users\savvy\eclipse-workspace\seleniumwebdriver\Opencartv121\master.xml

2026-08-13 15:35:30 INFO  TC001_AccountRegistrationTest:23 - Starting TC001_AccountRegistrationTest
2026-08-13 15:35:30 INFO  TC001_AccountRegistrationTest:28 - clicking on home page
2026-08-13 15:35:30 INFO  TC001_AccountRegistrationTest:32 - clicking on register
2026-08-13 15:35:36 INFO  TC001_AccountRegistrationTest:37 - providing information
2026-08-13 15:35:42 INFO  TC001_AccountRegistrationTest:58 -  finished TC001_AccountRegistrationTest
2026-08-14 12:47:22 DEBUG TestNG:82 - suiteXmlPath: "C:\Users\savvy\eclipse-workspace\seleniumwebdriver\Opencartv121\master.xml"
2026-08-14 12:47:22 INFO  Utils:112 - [TestNG] Running:
  C:\Users\savvy\eclipse-workspace\seleniumwebdriver\Opencartv121\master.xml

2026-08-14 12:47:29 INFO  TC001_LoginTest:16 - starting test
2026-08-14 12:47:31 INFO  TC001_LoginTest:33 - test finished
2026-08-22 14:57:42 DEBUG TestNG:82 - suiteXmlPath: "C:\Users\savvy\eclipse-workspace\seleniumwebdriver\Opencartv121\master.xml"
2026-08-22 14:57:42 INFO  Utils:112 - [TestNG] Running:
  C:\Users\savvy\eclipse-workspace\seleniumwebdriver\Opencartv121\master.xml

2026-08-22 14:57:50 DEBUG PackageRelationshipCollection:307 - Parsing relationship: /xl/_rels/workbook.xml.rels
2026-08-22 14:57:50 DEBUG PackageRelationshipCollection:307 - Parsing relationship: /xl/worksheets/_rels/sheet1.xml.rels
2026-08-22 14:57:50 DEBUG PackageRelationshipCollection:307 - Parsing relationship: /_rels/.rels
2026-08-22 14:57:51 DEBUG PackageRelationshipCollection:307 - Parsing relationship: /xl/_rels/workbook.xml.rels
2026-08-22 14:57:51 DEBUG PackageRelationshipCollection:307 - Parsing relationship: /xl/worksheets/_rels/sheet1.xml.rels
2026-08-22 14:57:51 DEBUG PackageRelationshipCollection:307 - Parsing relationship: /_rels/.rels
2026-08-22 14:57:51 DEBUG PackageRelationshipCollection:307 - Parsing relationship: /xl/_rels/workbook.xml.rels
2026-08-22 14:57:51 DEBUG PackageRelationshipCollection:307 - Parsing relationship: /xl/worksheets/_rels/sheet1.xml.rels
2026-08-22 14:57:51 DEBUG PackageRelationshipCollection:307 - Parsing relationship: /_rels/.rels
2026-08-22 14:57:51 DEBUG PackageRelationshipCollection:307 - Parsing relationship: /xl/_rels/workbook.xml.rels
2026-08-22 14:57:51 DEBUG PackageRelationshipCollection:307 - Parsing relationship: /xl/worksheets/_rels/sheet1.xml.rels
2026-08-22 14:57:51 DEBUG PackageRelationshipCollection:307 - Parsing relationship: /_rels/.rels
2026-08-22 14:57:51 DEBUG PackageRelationshipCollection:307 - Parsing relationship: /xl/_rels/workbook.xml.rels
2026-08-22 14:57:51 DEBUG PackageRelationshipCollection:307 - Parsing relationship: /xl/worksheets/_rels/sheet1.xml.rels
2026-08-22 14:57:51 DEBUG PackageRelationshipCollection:307 - Parsing relationship: /_rels/.rels
2026-08-22 14:57:51 DEBUG PackageRelationshipCollection:307 - Parsing relationship: /xl/_rels/workbook.xml.rels
2026-08-22 14:57:51 DEBUG PackageRelationshipCollection:307 - Parsing relationship: /xl/worksheets/_rels/sheet1.xml.rels
2026-08-22 14:57:51 DEBUG PackageRelationshipCollection:307 - Parsing relationship: /_rels/.rels
2026-08-22 14:57:51 DEBUG PackageRelationshipCollection:307 - Parsing relationship: /xl/_rels/workbook.xml.rels
2026-08-22 14:57:51 DEBUG PackageRelationshipCollection:307 - Parsing relationship: /xl/worksheets/_rels/sheet1.xml.rels
2026-08-22 14:57:51 DEBUG PackageRelationshipCollection:307 - Parsing relationship: /_rels/.rels
2026-08-22 14:57:51 DEBUG PackageRelationshipCollection:307 - Parsing relationship: /xl/_rels/workbook.xml.rels
2026-08-22 14:57:51 DEBUG PackageRelationshipCollection:307 - Parsing relationship: /xl/worksheets/_rels/sheet1.xml.rels
2026-08-22 14:57:51 DEBUG PackageRelationshipCollection:307 - Parsing relationship: /_rels/.rels
2026-08-22 14:57:51 DEBUG PackageRelationshipCollection:307 - Parsing relationship: /xl/_rels/workbook.xml.rels
2026-08-22 14:57:51 DEBUG PackageRelationshipCollection:307 - Parsing relationship: /xl/worksheets/_rels/sheet1.xml.rels
2026-08-22 14:57:51 DEBUG PackageRelationshipCollection:307 - Parsing relationship: /_rels/.rels
2026-08-22 14:57:51 DEBUG PackageRelationshipCollection:307 - Parsing relationship: /xl/_rels/workbook.xml.rels
2026-08-22 14:57:51 DEBUG PackageRelationshipCollection:307 - Parsing relationship: /xl/worksheets/_rels/sheet1.xml.rels
2026-08-22 14:57:51 DEBUG PackageRelationshipCollection:307 - Parsing relationship: /_rels/.rels
2026-08-22 14:57:51 DEBUG PackageRelationshipCollection:307 - Parsing relationship: /xl/_rels/workbook.xml.rels
2026-08-22 14:57:51 DEBUG PackageRelationshipCollection:307 - Parsing relationship: /xl/worksheets/_rels/sheet1.xml.rels
2026-08-22 14:57:51 DEBUG PackageRelationshipCollection:307 - Parsing relationship: /_rels/.rels
2026-08-22 14:57:51 DEBUG PackageRelationshipCollection:307 - Parsing relationship: /xl/_rels/workbook.xml.rels
2026-08-22 14:57:51 DEBUG PackageRelationshipCollection:307 - Parsing relationship: /xl/worksheets/_rels/sheet1.xml.rels
2026-08-22 14:57:51 DEBUG PackageRelationshipCollection:307 - Parsing relationship: /_rels/.rels
2026-08-22 14:57:51 DEBUG PackageRelationshipCollection:307 - Parsing relationship: /xl/_rels/workbook.xml.rels
2026-08-22 14:57:51 DEBUG PackageRelationshipCollection:307 - Parsing relationship: /xl/worksheets/_rels/sheet1.xml.rels
2026-08-22 14:57:51 DEBUG PackageRelationshipCollection:307 - Parsing relationship: /_rels/.rels
2026-08-22 14:57:51 DEBUG PackageRelationshipCollection:307 - Parsing relationship: /xl/_rels/workbook.xml.rels
2026-08-22 14:57:51 DEBUG PackageRelationshipCollection:307 - Parsing relationship: /xl/worksheets/_rels/sheet1.xml.rels
2026-08-22 14:57:51 DEBUG PackageRelationshipCollection:307 - Parsing relationship: /_rels/.rels
2026-08-22 14:57:51 INFO  TC003_LoginDDT:16 - starting test
2026-08-22 14:57:55 INFO  TC003_LoginDDT:55 - finished test
2026-08-22 14:57:55 INFO  TC003_LoginDDT:16 - starting test
2026-08-22 14:58:07 INFO  TC003_LoginDDT:55 - finished test
2026-08-22 14:58:07 INFO  TC003_LoginDDT:16 - starting test
2026-08-22 14:58:20 INFO  TC003_LoginDDT:55 - finished test
2026-08-22 14:58:20 INFO  TC003_LoginDDT:16 - starting test
2026-08-22 14:58:32 INFO  TC003_LoginDDT:55 - finished test
2026-08-22 14:58:32 INFO  TC003_LoginDDT:16 - starting test
2026-08-23 11:28:29 DEBUG TestNG:82 - suiteXmlPath: "C:\Users\savvy\eclipse-workspace\seleniumwebdriver\Opencartv121\grouping.xml"
2026-08-23 11:28:30 INFO  Utils:112 - [TestNG] Running:
  C:\Users\savvy\eclipse-workspace\seleniumwebdriver\Opencartv121\grouping.xml

2026-08-23 11:31:37 DEBUG TestNG:82 - suiteXmlPath: "C:\Users\savvy\eclipse-workspace\seleniumwebdriver\Opencartv121\grouping.xml"
2026-08-23 11:31:37 INFO  Utils:112 - [TestNG] Running:
  C:\Users\savvy\eclipse-workspace\seleniumwebdriver\Opencartv121\grouping.xml

2026-08-23 11:31:43 INFO  TC001_AccountRegistrationTest:23 - Starting TC001_AccountRegistrationTest
2026-08-23 11:31:43 INFO  TC001_AccountRegistrationTest:28 - clicking on home page
2026-08-23 11:31:43 INFO  TC001_AccountRegistrationTest:32 - clicking on register
2026-08-23 11:31:49 INFO  TC001_AccountRegistrationTest:37 - providing information
2026-08-23 11:32:04 INFO  TC001_LoginTest:16 - starting test
2026-08-23 11:32:07 INFO  TC001_LoginTest:33 - test finished
2026-08-23 11:33:03 DEBUG TestNG:82 - suiteXmlPath: "C:\Users\savvy\eclipse-workspace\seleniumwebdriver\Opencartv121\grouping.xml"
2026-08-23 11:33:03 INFO  Utils:112 - [TestNG] Running:
  C:\Users\savvy\eclipse-workspace\seleniumwebdriver\Opencartv121\grouping.xml

2026-08-23 11:33:07 INFO  TC001_AccountRegistrationTest:23 - Starting TC001_AccountRegistrationTest
2026-08-23 11:33:07 INFO  TC001_AccountRegistrationTest:28 - clicking on home page
2026-08-23 11:33:07 INFO  TC001_AccountRegistrationTest:32 - clicking on register
2026-08-23 11:33:13 INFO  TC001_AccountRegistrationTest:37 - providing information
2026-08-23 11:33:19 INFO  TC001_AccountRegistrationTest:58 -  finished TC001_AccountRegistrationTest
2026-08-23 11:33:23 INFO  TC001_LoginTest:16 - starting test
2026-08-23 11:33:25 INFO  TC001_LoginTest:33 - test finished
2026-08-28 11:52:17 DEBUG TestNG:82 - suiteXmlPath: "C:\Users\savvy\eclipse-workspace\seleniumwebdriver\Opencartv121\grouping.xml"
2026-08-28 11:52:17 INFO  Utils:112 - [TestNG] Running:
  C:\Users\savvy\eclipse-workspace\seleniumwebdriver\Opencartv121\grouping.xml

2026-08-28 11:52:24 INFO  TC001_AccountRegistrationTest:23 - Starting TC001_AccountRegistrationTest
2026-08-28 11:52:24 INFO  TC001_AccountRegistrationTest:28 - clicking on home page
2026-08-28 11:52:24 INFO  TC001_AccountRegistrationTest:32 - clicking on register
2026-08-28 11:52:30 INFO  TC001_AccountRegistrationTest:37 - providing information
2026-08-28 11:52:35 INFO  TC001_AccountRegistrationTest:58 -  finished TC001_AccountRegistrationTest
2026-08-28 11:52:39 INFO  TC001_LoginTest:16 - starting test
2026-08-28 11:52:41 INFO  TC001_LoginTest:33 - test finished
2026-08-28 11:55:00 DEBUG TestNG:82 - suiteXmlPath: "C:\Users\savvy\eclipse-workspace\seleniumwebdriver\Opencartv121\grouping.xml"
2026-08-28 11:55:00 INFO  Utils:112 - [TestNG] Running:
  C:\Users\savvy\eclipse-workspace\seleniumwebdriver\Opencartv121\grouping.xml

2026-08-28 11:55:06 INFO  TC001_AccountRegistrationTest:23 - Starting TC001_AccountRegistrationTest
2026-08-28 11:55:06 INFO  TC001_AccountRegistrationTest:28 - clicking on home page
2026-08-28 11:55:06 INFO  TC001_AccountRegistrationTest:32 - clicking on register
2026-08-28 11:55:12 INFO  TC001_AccountRegistrationTest:37 - providing information
2026-08-28 11:55:20 INFO  TC001_AccountRegistrationTest:58 -  finished TC001_AccountRegistrationTest
2026-08-28 11:55:24 INFO  TC001_LoginTest:16 - starting test
2026-08-28 11:55:27 INFO  TC001_LoginTest:33 - test finished
2026-08-28 11:56:24 DEBUG TestNG:82 - suiteXmlPath: "C:\Users\savvy\eclipse-workspace\seleniumwebdriver\Opencartv121\grouping.xml"
2026-08-28 11:56:24 INFO  Utils:112 - [TestNG] Running:
  C:\Users\savvy\eclipse-workspace\seleniumwebdriver\Opencartv121\grouping.xml

2026-08-28 11:56:28 INFO  TC001_AccountRegistrationTest:23 - Starting TC001_AccountRegistrationTest
2026-08-28 11:56:28 INFO  TC001_AccountRegistrationTest:28 - clicking on home page
2026-08-28 11:56:28 INFO  TC001_AccountRegistrationTest:32 - clicking on register
2026-08-28 11:56:34 INFO  TC001_AccountRegistrationTest:37 - providing information
2026-08-28 11:56:39 INFO  TC001_AccountRegistrationTest:58 -  finished TC001_AccountRegistrationTest
2026-08-28 11:56:43 INFO  TC001_LoginTest:16 - starting test
2026-08-28 11:58:55 DEBUG TestNG:82 - suiteXmlPath: "C:\Users\savvy\eclipse-workspace\seleniumwebdriver\Opencartv121\grouping.xml"
2026-08-28 11:58:56 INFO  Utils:112 - [TestNG] Running:
  C:\Users\savvy\eclipse-workspace\seleniumwebdriver\Opencartv121\grouping.xml

2026-08-28 11:59:00 INFO  TC001_AccountRegistrationTest:23 - Starting TC001_AccountRegistrationTest
2026-08-28 11:59:00 INFO  TC001_AccountRegistrationTest:28 - clicking on home page
2026-08-28 11:59:00 INFO  TC001_AccountRegistrationTest:32 - clicking on register
2026-08-28 11:59:06 INFO  TC001_AccountRegistrationTest:37 - providing information
2026-08-28 11:59:11 INFO  TC001_AccountRegistrationTest:58 -  finished TC001_AccountRegistrationTest
2026-08-28 11:59:14 INFO  TC001_LoginTest:16 - starting test
2026-08-28 12:15:23 DEBUG TestNG:82 - suiteXmlPath: "C:\Users\savvy\eclipse-workspace\seleniumwebdriver\Opencartv121\grouping.xml"
2026-08-28 12:15:24 INFO  Utils:112 - [TestNG] Running:
  C:\Users\savvy\eclipse-workspace\seleniumwebdriver\Opencartv121\grouping.xml

2026-08-28 12:15:28 INFO  TC001_AccountRegistrationTest:23 - Starting TC001_AccountRegistrationTest
2026-08-28 12:15:28 INFO  TC001_AccountRegistrationTest:28 - clicking on home page
2026-08-28 12:15:28 INFO  TC001_AccountRegistrationTest:32 - clicking on register
2026-08-28 12:15:34 INFO  TC001_AccountRegistrationTest:37 - providing information
2026-08-28 12:15:41 INFO  TC001_AccountRegistrationTest:58 -  finished TC001_AccountRegistrationTest
2026-08-28 12:15:44 INFO  TC001_LoginTest:16 - starting test
2026-08-28 12:19:29 DEBUG TestNG:82 - suiteXmlPath: "C:\Users\savvy\eclipse-workspace\seleniumwebdriver\Opencartv121\grouping.xml"
2026-08-28 12:19:29 INFO  Utils:112 - [TestNG] Running:
  C:\Users\savvy\eclipse-workspace\seleniumwebdriver\Opencartv121\grouping.xml

2026-08-28 12:19:33 INFO  TC001_AccountRegistrationTest:23 - Starting TC001_AccountRegistrationTest
2026-08-28 12:19:33 INFO  TC001_AccountRegistrationTest:28 - clicking on home page
2026-08-28 12:19:33 INFO  TC001_AccountRegistrationTest:32 - clicking on register
2026-08-28 12:19:38 INFO  TC001_AccountRegistrationTest:37 - providing information
2026-08-28 12:19:44 INFO  TC001_AccountRegistrationTest:58 -  finished TC001_AccountRegistrationTest
2026-08-28 12:19:48 INFO  TC001_LoginTest:16 - starting test
2026-09-17 11:23:47 DEBUG TestNG:82 - suiteXmlPath: "C:\Users\savvy\eclipse-workspace\seleniumwebdriver\Opencartv121\master.xml"
2026-09-17 11:23:47 INFO  Utils:112 - [TestNG] Running:
  C:\Users\savvy\eclipse-workspace\seleniumwebdriver\Opencartv121\master.xml

2026-09-17 11:23:48 DEBUG PackageRelationshipCollection:307 - Parsing relationship: /xl/_rels/workbook.xml.rels
2026-09-17 11:23:48 DEBUG PackageRelationshipCollection:307 - Parsing relationship: /xl/worksheets/_rels/sheet1.xml.rels
2026-09-17 11:23:48 DEBUG PackageRelationshipCollection:307 - Parsing relationship: /_rels/.rels
2026-09-17 11:23:48 DEBUG PackageRelationshipCollection:307 - Parsing relationship: /xl/_rels/workbook.xml.rels
2026-09-17 11:23:48 DEBUG PackageRelationshipCollection:307 - Parsing relationship: /xl/worksheets/_rels/sheet1.xml.rels
2026-09-17 11:23:48 DEBUG PackageRelationshipCollection:307 - Parsing relationship: /_rels/.rels
2026-09-17 11:23:48 DEBUG PackageRelationshipCollection:307 - Parsing relationship: /xl/_rels/workbook.xml.rels
2026-09-17 11:23:48 DEBUG PackageRelationshipCollection:307 - Parsing relationship: /xl/worksheets/_rels/sheet1.xml.rels
2026-09-17 11:23:48 DEBUG PackageRelationshipCollection:307 - Parsing relationship: /_rels/.rels
2026-09-17 11:23:48 DEBUG PackageRelationshipCollection:307 - Parsing relationship: /xl/_rels/workbook.xml.rels
2026-09-17 11:23:48 DEBUG PackageRelationshipCollection:307 - Parsing relationship: /xl/worksheets/_rels/sheet1.xml.rels
2026-09-17 11:23:48 DEBUG PackageRelationshipCollection:307 - Parsing relationship: /_rels/.rels
2026-09-17 11:23:48 DEBUG PackageRelationshipCollection:307 - Parsing relationship: /xl/_rels/workbook.xml.rels
2026-09-17 11:23:48 DEBUG PackageRelationshipCollection:307 - Parsing relationship: /xl/worksheets/_rels/sheet1.xml.rels
2026-09-17 11:23:48 DEBUG PackageRelationshipCollection:307 - Parsing relationship: /_rels/.rels
2026-09-17 11:23:48 DEBUG PackageRelationshipCollection:307 - Parsing relationship: /xl/_rels/workbook.xml.rels
2026-09-17 11:23:48 DEBUG PackageRelationshipCollection:307 - Parsing relationship: /xl/worksheets/_rels/sheet1.xml.rels
2026-09-17 11:23:48 DEBUG PackageRelationshipCollection:307 - Parsing relationship: /_rels/.rels
2026-09-17 11:23:48 DEBUG PackageRelationshipCollection:307 - Parsing relationship: /xl/_rels/workbook.xml.rels
2026-09-17 11:23:48 DEBUG PackageRelationshipCollection:307 - Parsing relationship: /xl/worksheets/_rels/sheet1.xml.rels
2026-09-17 11:23:48 DEBUG PackageRelationshipCollection:307 - Parsing relationship: /_rels/.rels
2026-09-17 11:23:48 DEBUG PackageRelationshipCollection:307 - Parsing relationship: /xl/_rels/workbook.xml.rels
2026-09-17 11:23:48 DEBUG PackageRelationshipCollection:307 - Parsing relationship: /xl/worksheets/_rels/sheet1.xml.rels
2026-09-17 11:23:48 DEBUG PackageRelationshipCollection:307 - Parsing relationship: /_rels/.rels
2026-09-17 11:23:48 DEBUG PackageRelationshipCollection:307 - Parsing relationship: /xl/_rels/workbook.xml.rels
2026-09-17 11:23:48 DEBUG PackageRelationshipCollection:307 - Parsing relationship: /xl/worksheets/_rels/sheet1.xml.rels
2026-09-17 11:23:48 DEBUG PackageRelationshipCollection:307 - Parsing relationship: /_rels/.rels
2026-09-17 11:23:48 DEBUG PackageRelationshipCollection:307 - Parsing relationship: /xl/_rels/workbook.xml.rels
2026-09-17 11:23:48 DEBUG PackageRelationshipCollection:307 - Parsing relationship: /xl/worksheets/_rels/sheet1.xml.rels
2026-09-17 11:23:48 DEBUG PackageRelationshipCollection:307 - Parsing relationship: /_rels/.rels
2026-09-17 11:23:48 DEBUG PackageRelationshipCollection:307 - Parsing relationship: /xl/_rels/workbook.xml.rels
2026-09-17 11:23:48 DEBUG PackageRelationshipCollection:307 - Parsing relationship: /xl/worksheets/_rels/sheet1.xml.rels
2026-09-17 11:23:48 DEBUG PackageRelationshipCollection:307 - Parsing relationship: /_rels/.rels
2026-09-17 11:23:49 DEBUG PackageRelationshipCollection:307 - Parsing relationship: /xl/_rels/workbook.xml.rels
2026-09-17 11:23:49 DEBUG PackageRelationshipCollection:307 - Parsing relationship: /xl/worksheets/_rels/sheet1.xml.rels
2026-09-17 11:23:49 DEBUG PackageRelationshipCollection:307 - Parsing relationship: /_rels/.rels
2026-09-17 11:23:49 DEBUG PackageRelationshipCollection:307 - Parsing relationship: /xl/_rels/workbook.xml.rels
2026-09-17 11:23:49 DEBUG PackageRelationshipCollection:307 - Parsing relationship: /xl/worksheets/_rels/sheet1.xml.rels
2026-09-17 11:23:49 DEBUG PackageRelationshipCollection:307 - Parsing relationship: /_rels/.rels
2026-09-17 11:23:49 DEBUG PackageRelationshipCollection:307 - Parsing relationship: /xl/_rels/workbook.xml.rels
2026-09-17 11:23:49 DEBUG PackageRelationshipCollection:307 - Parsing relationship: /xl/worksheets/_rels/sheet1.xml.rels
2026-09-17 11:23:49 DEBUG PackageRelationshipCollection:307 - Parsing relationship: /_rels/.rels
2026-09-17 11:25:55 DEBUG TestNG:82 - suiteXmlPath: "C:\Users\savvy\eclipse-workspace\seleniumwebdriver\Opencartv121\master.xml"
2026-09-17 11:25:55 INFO  Utils:112 - [TestNG] Running:
  C:\Users\savvy\eclipse-workspace\seleniumwebdriver\Opencartv121\master.xml

2026-09-17 11:27:58 DEBUG TestNG:82 - suiteXmlPath: "C:\Users\savvy\eclipse-workspace\seleniumwebdriver\Opencartv121\master.xml"
2026-09-17 11:27:59 INFO  Utils:112 - [TestNG] Running:
  C:\Users\savvy\eclipse-workspace\seleniumwebdriver\Opencartv121\master.xml

2026-09-17 11:29:15 DEBUG TestNG:82 - suiteXmlPath: "C:\Users\savvy\eclipse-workspace\seleniumwebdriver\Opencartv121\master.xml"
2026-09-17 11:29:16 INFO  Utils:112 - [TestNG] Running:
  C:\Users\savvy\eclipse-workspace\seleniumwebdriver\Opencartv121\master.xml

2026-09-17 11:30:03 DEBUG TestNG:82 - suiteXmlPath: "C:\Users\savvy\eclipse-workspace\seleniumwebdriver\Opencartv121\master.xml"
2026-09-17 11:30:04 INFO  Utils:112 - [TestNG] Running:
  C:\Users\savvy\eclipse-workspace\seleniumwebdriver\Opencartv121\master.xml

2026-09-17 11:30:11 INFO  TC001_AccountRegistrationTest:23 - Starting TC001_AccountRegistrationTest
2026-09-17 11:30:11 INFO  TC001_AccountRegistrationTest:28 - clicking on home page
2026-09-17 11:30:11 INFO  TC001_AccountRegistrationTest:32 - clicking on register
2026-09-17 11:30:17 INFO  TC001_AccountRegistrationTest:37 - providing information
2026-09-17 11:30:23 INFO  TC001_AccountRegistrationTest:58 -  finished TC001_AccountRegistrationTest
2026-09-17 11:30:26 INFO  TC001_LoginTest:16 - starting test
2026-09-17 11:30:29 INFO  TC001_LoginTest:33 - test finished
2026-09-17 11:37:58 DEBUG TestNG:82 - suiteXmlPath: "C:\Users\savvy\eclipse-workspace\seleniumwebdriver\Opencartv121\CrossBrowserTesting.xml"
2026-09-17 11:37:59 INFO  Utils:112 - [TestNG] Running:
  C:\Users\savvy\eclipse-workspace\seleniumwebdriver\Opencartv121\CrossBrowserTesting.xml

2026-09-17 11:37:59 INFO  TC001_AccountRegistrationTest:23 - Starting TC001_AccountRegistrationTest
2026-09-17 11:37:59 INFO  TC001_AccountRegistrationTest:28 - clicking on home page
2026-09-17 11:37:59 ERROR TC001_AccountRegistrationTest:53 - Test failed..
2026-09-17 11:37:59 DEBUG TC001_AccountRegistrationTest:54 - debug logs
2026-09-17 11:38:04 INFO  TC001_AccountRegistrationTest:23 - Starting TC001_AccountRegistrationTest
2026-09-17 11:38:04 INFO  TC001_AccountRegistrationTest:23 - Starting TC001_AccountRegistrationTest
2026-09-17 11:38:04 INFO  TC001_AccountRegistrationTest:28 - clicking on home page
2026-09-17 11:38:04 INFO  TC001_AccountRegistrationTest:28 - clicking on home page
2026-09-17 11:38:05 INFO  TC001_AccountRegistrationTest:32 - clicking on register
2026-09-17 11:38:05 INFO  TC001_AccountRegistrationTest:32 - clicking on register
2026-09-17 11:38:15 ERROR TC001_AccountRegistrationTest:53 - Test failed..
2026-09-17 11:38:15 DEBUG TC001_AccountRegistrationTest:54 - debug logs
2026-09-17 11:38:25 ERROR TC001_AccountRegistrationTest:53 - Test failed..
2026-09-17 11:38:25 DEBUG TC001_AccountRegistrationTest:54 - debug logs
2026-09-17 11:41:22 DEBUG TestNG:82 - suiteXmlPath: "C:\Users\savvy\eclipse-workspace\seleniumwebdriver\Opencartv121\CrossBrowserTesting.xml"
2026-09-17 11:41:23 INFO  Utils:112 - [TestNG] Running:
  C:\Users\savvy\eclipse-workspace\seleniumwebdriver\Opencartv121\CrossBrowserTesting.xml

2026-09-17 11:41:27 INFO  TC001_AccountRegistrationTest:23 - Starting TC001_AccountRegistrationTest
2026-09-17 11:41:27 INFO  TC001_AccountRegistrationTest:23 - Starting TC001_AccountRegistrationTest
2026-09-17 11:41:27 INFO  TC001_AccountRegistrationTest:28 - clicking on home page
2026-09-17 11:41:27 INFO  TC001_AccountRegistrationTest:28 - clicking on home page
2026-09-17 11:41:27 INFO  TC001_AccountRegistrationTest:32 - clicking on register
2026-09-17 11:41:27 INFO  TC001_AccountRegistrationTest:32 - clicking on register
2026-09-17 11:41:37 ERROR TC001_AccountRegistrationTest:53 - Test failed..
2026-09-17 11:41:37 DEBUG TC001_AccountRegistrationTest:54 - debug logs
2026-09-17 11:41:47 ERROR TC001_AccountRegistrationTest:53 - Test failed..
2026-09-17 11:41:47 DEBUG TC001_AccountRegistrationTest:54 - debug logs
2026-09-20 12:06:54 DEBUG TestNG:82 - suiteXmlPath: "C:\Users\savvy\eclipse-workspace\seleniumwebdriver\Opencartv121\grid-docker.xml"
2026-09-20 12:06:54 INFO  Utils:112 - [TestNG] Running:
  C:\Users\savvy\eclipse-workspace\seleniumwebdriver\Opencartv121\grid-docker.xml

2026-09-20 12:06:55 INFO  TC001_AccountRegistrationTest:23 - Starting TC001_AccountRegistrationTest
2026-09-20 12:06:55 INFO  TC001_AccountRegistrationTest:28 - clicking on home page
2026-09-20 12:06:55 ERROR TC001_AccountRegistrationTest:53 - Test failed..
2026-09-20 12:06:55 DEBUG TC001_AccountRegistrationTest:54 - debug logs
2026-09-20 12:08:26 DEBUG TestNG:82 - suiteXmlPath: "C:\Users\savvy\eclipse-workspace\seleniumwebdriver\Opencartv121\grid-docker.xml"
2026-09-20 12:08:26 INFO  Utils:112 - [TestNG] Running:
  C:\Users\savvy\eclipse-workspace\seleniumwebdriver\Opencartv121\grid-docker.xml

2026-09-20 12:08:35 INFO  TC001_AccountRegistrationTest:23 - Starting TC001_AccountRegistrationTest
2026-09-20 12:08:35 INFO  TC001_AccountRegistrationTest:28 - clicking on home page
2026-09-20 12:08:35 INFO  TC001_AccountRegistrationTest:32 - clicking on register
2026-09-20 12:08:41 INFO  TC001_AccountRegistrationTest:37 - providing information
2026-09-20 12:08:47 INFO  TC001_AccountRegistrationTest:58 -  finished TC001_AccountRegistrationTest
2026-09-20 12:13:13 DEBUG TestNG:82 - suiteXmlPath: "C:\Users\savvy\eclipse-workspace\seleniumwebdriver\Opencartv121\grid-docker.xml"
2026-09-20 12:13:13 INFO  Utils:112 - [TestNG] Running:
  C:\Users\savvy\eclipse-workspace\seleniumwebdriver\Opencartv121\grid-docker.xml

2026-09-20 12:19:10 INFO  TC001_LoginTest:16 - starting test
2026-09-20 12:19:12 INFO  TC001_LoginTest:33 - test finished
2026-09-24 12:35:41 DEBUG TestNG:82 - suiteXmlPath: "C:\Users\savvy\eclipse-workspace\seleniumwebdriver\Opencartv121\master.xml"
2026-09-24 12:35:41 INFO  Utils:112 - [TestNG] Running:
  C:\Users\savvy\eclipse-workspace\seleniumwebdriver\Opencartv121\master.xml

2026-09-24 12:35:49 INFO  TC001_AccountRegistrationTest:23 - Starting TC001_AccountRegistrationTest
2026-09-24 12:35:49 INFO  TC001_AccountRegistrationTest:28 - clicking on home page
2026-09-24 12:35:49 INFO  TC001_AccountRegistrationTest:32 - clicking on register
2026-09-24 12:35:55 INFO  TC001_AccountRegistrationTest:37 - providing information
2026-09-24 12:36:00 INFO  TC001_AccountRegistrationTest:58 -  finished TC001_AccountRegistrationTest
2026-09-24 12:36:04 INFO  TC001_LoginTest:16 - starting test
2026-09-24 12:36:07 INFO  TC001_LoginTest:33 - test finished
2026-09-24 13:02:32 DEBUG TestNG:82 - suiteXmlPath: "C:\Users\savvy\eclipse-workspace\seleniumwebdriver\Opencartv121\master.xml"
2026-09-24 13:02:37 INFO  TC001_AccountRegistrationTest:23 - Starting TC001_AccountRegistrationTest
2026-09-24 13:02:37 INFO  TC001_AccountRegistrationTest:28 - clicking on home page
2026-09-24 13:02:37 INFO  TC001_AccountRegistrationTest:32 - clicking on register
2026-09-24 13:02:43 INFO  TC001_AccountRegistrationTest:37 - providing information
2026-09-24 13:02:49 INFO  TC001_AccountRegistrationTest:58 -  finished TC001_AccountRegistrationTest
2026-09-24 13:02:52 INFO  TC001_LoginTest:16 - starting test
2026-09-24 13:02:55 INFO  TC001_LoginTest:33 - test finished
2026-09-24 13:34:55 DEBUG TestNG:82 - suiteXmlPath: "C:\Users\savvy\eclipse-workspace\seleniumwebdriver\Opencartv121\master.xml"
2026-09-24 13:35:01 INFO  TC001_AccountRegistrationTest:23 - Starting TC001_AccountRegistrationTest
2026-09-24 13:35:01 INFO  TC001_AccountRegistrationTest:28 - clicking on home page
2026-09-24 13:35:01 INFO  TC001_AccountRegistrationTest:32 - clicking on register
2026-09-24 13:35:08 INFO  TC001_AccountRegistrationTest:37 - providing information
2026-09-24 13:35:15 INFO  TC001_AccountRegistrationTest:58 -  finished TC001_AccountRegistrationTest
2026-09-24 13:35:19 INFO  TC001_LoginTest:16 - starting test
2026-09-24 13:35:22 INFO  TC001_LoginTest:33 - test finished
2026-09-24 13:37:31 DEBUG TestNG:82 - suiteXmlPath: "C:\Users\savvy\eclipse-workspace\seleniumwebdriver\Opencartv121\master.xml"
2026-09-24 13:37:37 INFO  TC001_AccountRegistrationTest:23 - Starting TC001_AccountRegistrationTest
2026-09-24 13:37:37 INFO  TC001_AccountRegistrationTest:28 - clicking on home page
2026-09-24 13:37:37 INFO  TC001_AccountRegistrationTest:32 - clicking on register
2026-09-24 13:37:43 INFO  TC001_AccountRegistrationTest:37 - providing information
2026-09-24 13:37:49 INFO  TC001_AccountRegistrationTest:58 -  finished TC001_AccountRegistrationTest
2026-09-24 13:37:52 INFO  TC001_LoginTest:16 - starting test
2026-09-24 13:37:54 INFO  TC001_LoginTest:33 - test finished
2026-09-24 13:55:26 DEBUG TestNG:82 - suiteXmlPath: "C:\Users\savvy\eclipse-workspace\seleniumwebdriver\Opencartv121\master.xml"
2026-09-24 13:55:32 INFO  TC001_AccountRegistrationTest:23 - Starting TC001_AccountRegistrationTest
2026-09-24 13:55:32 INFO  TC001_AccountRegistrationTest:28 - clicking on home page
2026-09-24 13:55:32 INFO  TC001_AccountRegistrationTest:32 - clicking on register
2026-09-24 13:55:39 INFO  TC001_AccountRegistrationTest:37 - providing information
2026-09-24 13:55:44 INFO  TC001_AccountRegistrationTest:58 -  finished TC001_AccountRegistrationTest
2026-09-24 13:55:48 INFO  TC001_LoginTest:16 - starting test
2026-09-24 13:55:52 INFO  TC001_LoginTest:33 - test finished
